<html>
<body>
<pre>
<h1>礦ision Build Log</h1>
<h2>Tool Versions:</h2>
IDE-Version: μVision V5.36.0.0
Copyright (C) 2021 ARM Ltd and ARM Germany GmbH. All rights reserved.
License Information: 00 hz_zhd, 00, LIC=RC93N-Y7LEY-FWJ2N-YYKQY-WJZCI-NR65Z
 
Tool Versions:
Toolchain:       MDK-ARM Plus  Version: 5.36.0.0
Toolchain Path:  F:\Keil5\ARM\ARMCC\Bin
C Compiler:      Armcc.exe V5.06 update 7 (build 960)
Assembler:       Armasm.exe V5.06 update 7 (build 960)
Linker/Locator:  ArmLink.exe V5.06 update 7 (build 960)
Library Manager: ArmAr.exe V5.06 update 7 (build 960)
Hex Converter:   FromElf.exe V5.06 update 7 (build 960)
CPU DLL:         SARMCM3.DLL V5.36.0.0
Dialog DLL:      DCM.DLL V1.17.3.0
Target DLL:      CMSIS_AGDI.dll V1.33.0.0
Dialog DLL:      TCM.DLL V1.53.0.0
 
<h2>Project:</h2>
H:\TEST\C3.0-控制传感-3.0-led灯控制模块-24.10.16\6.KEIL FILE\HAL-TASK-1.1.1\Projects\MDK-ARM\atk_f103.uvprojx
Project File Date:  10/20/2024

<h2>Output:</h2>
*** Using Compiler 'V5.06 update 7 (build 960)', folder: 'F:\Keil5\ARM\ARMCC\Bin'
Build target 'Template'
compiling system_stm32f1xx.c...
compiling stm32f1xx_it.c...
compiling main.c...
compiling stm32f1xx_hal.c...
compiling usart.c...
compiling delay.c...
compiling sys.c...
compiling stm32f1xx_hal_gpio_ex.c...
compiling stm32f1xx_hal_rcc_ex.c...
compiling stm32f1xx_hal_cortex.c...
compiling stm32f1xx_hal_dma.c...
compiling stm32f1xx_hal_gpio.c...
compiling stm32f1xx_hal_uart.c...
compiling stm32f1xx_hal_rcc.c...
compiling stm32f1xx_ll_fsmc.c...
compiling stm32f1xx_hal_sram.c...
compiling stm32f1xx_hal_usart.c...
compiling stm32f1xx_hal_adc_ex.c...
compiling stm32f1xx_hal_adc.c...
compiling stm32f1xx_hal_tim_ex.c...
compiling stm32f1xx_hal_tim.c...
compiling gtim.c...
compiling led.c...
compiling adc.c...
..\..\Drivers\BSP\ADC\adc.c(88): warning:  #223-D: function "__HAL_RCC_DMA2_CLK_ENABLE" declared implicitly
          __HAL_RCC_DMA2_CLK_ENABLE();
..\..\Drivers\BSP\ADC\adc.c: 1 warning, 0 errors
linking...
Program Size: Code=5228 RO-data=292 RW-data=28 ZI-data=2044  
FromELF: creating hex file...
"..\..\Output\atk_f103.axf" - 0 Error(s), 1 Warning(s).

<h2>Software Packages used:</h2>

Package Vendor: Keil
                http://www.keil.com/pack/Keil.STM32F1xx_DFP.2.3.0.pack
                Keil.STM32F1xx_DFP.2.3.0
                STMicroelectronics STM32F1 Series Device Support, Drivers and Examples

<h2>Collection of Component include folders:</h2>
  F:\Keil5\Pack\Keil\STM32F1xx_DFP\2.3.0\Device\Include

<h2>Collection of Component Files used:</h2>
Build Time Elapsed:  00:00:54
</pre>
</body>
</html>
